<html>
<body>
<pre>
<h1>µVision Build Log</h1>
<h2>Tool Versions:</h2>
IDE-Version: ¦ÌVision V5.13.0.0
Copyright (C) 2014 ARM Ltd and ARM Germany GmbH. All rights reserved.
License Information: zjl zjl292873763@outlook.com, zjl, LIC=Y2BTG-VYZEH-EZNWX-H4NMY-JRC7S-CXXYH
 
Tool Versions:
Toolchain:       MDK-ARM Professional  Version: 5.13.0.0
Toolchain Path:  C:\Keil_v5\ARM\ARMCC\Bin
C Compiler:      Armcc.exe V5.05 update 1 (build 106)
Assembler:       Armasm.exe V5.05 update 1 (build 106)
Linker/Locator:  ArmLink.exe V5.05 update 1 (build 106)
Library Manager: ArmAr.exe V5.05 update 1 (build 106)
Hex Converter:   FromElf.exe V5.05 update 1 (build 106)
CPU DLL:         SARMCM3.DLL V5.13.0.0
Dialog DLL:      DCM.DLL V1.13.1.0
Target DLL:      Segger\JL2CM3.dll V2.99.11.0
Dialog DLL:      TCM.DLL V1.14.4.0
 
<h2>Project:</h2>
D:\RM\ÂÒÆß°ËÔã\»úÐµ±ÛÐ´×Ö\plotclock\plotclock\USER\plotclock.uvprojx
Project File Date:  01/22/2021

<h2>Output:</h2>
Build target 'text'
compiling main.c...
compiling control.cpp...
compiling delay.cpp...
compiling pwm.cpp...
compiling usart.cpp...
linking...
Program Size: Code=14860 RO-data=828 RW-data=4 ZI-data=1028  
FromELF: creating hex file...
"..\OBJ\text.axf" - 0 Error(s), 0 Warning(s).

<h2>Collection of Component include folders:</h2>
  D:\RM\ÂÒÆß°ËÔã\»úÐµ±ÛÐ´×Ö\plotclock\plotclock\USER\RTE
  C:\Keil_v5\ARM\PACK\Keil\STM32F1xx_DFP\1.0.5\Device\Include

<h2>Collection of Component Files used:</h2>
</pre>
</body>
</html>
